
> lab-approval-frontend@1.0.0 build
> vite build

node.exe : [33mThe CJS build of Vite's Node API is deprecated. See https://vit
e.dev/guide/troubleshooting.html#vite-cjs-node-api-deprecated for more details.
[39m
所在位置 行:1 字符: 1
+ & "D:\game\实验室沟通/node.exe" "D:\game\实验室沟通/node_modules/npm/bin/npm-cl ...
+ ~~~~~~~~~~~~~~~~~~~~~~~~~~~~~~~~~~~~~~~~~~~~~~~~~~~~~~~~~~~~~~~~~~~~~
    + CategoryInfo          : NotSpecified: ([33mThe CJS bu...e details.[39m 
   :String) [], RemoteException
    + FullyQualifiedErrorId : NativeCommandError
 
[36mvite v5.4.21 [32mbuilding for production...[36m[39m
transforming...
node_modules/@vueuse/core/dist/index.js (3362:0): A comment

"/* #__PURE__ */"

in "node_modules/@vueuse/core/dist/index.js" contains an annotation that Rollup
 cannot interpret due to the position of the comment. The comment will be remov
ed to avoid issues.
node_modules/@vueuse/core/dist/index.js (5780:22): A comment

"/* #__PURE__ */"

in "node_modules/@vueuse/core/dist/index.js" contains an annotation that Rollup
 cannot interpret due to the position of the comment. The comment will be remov
ed to avoid issues.
[32m鉁?[39m 1674 modules transformed.
rendering chunks...
computing gzip size...
[2mdist/[22m[32mindex.html                            [39m[1m[2m    0.53 kB[22m[1m[22m[2m 鈹?gzip:   0.38 kB[22m
[2mdist/[22m[35massets/Profile-Dd50Wu1V.css           [39m[1m[2m    0.25 kB[22m[1m[22m[2m 鈹?gzip:   0.16 kB[22m
[2mdist/[22m[35massets/Login-DURkHwr0.css             [39m[1m[2m    1.39 kB[22m[1m[22m[2m 鈹?gzip:   0.57 kB[22m
[2mdist/[22m[35massets/LabInitiate-C_cDWO8v.css       [39m[1m[2m    2.02 kB[22m[1m[22m[2m 鈹?gzip:   0.69 kB[22m
[2mdist/[22m[35massets/BusinessInitiate-DsX70WCh.css  [39m[1m[2m    2.02 kB[22m[1m[22m[2m 鈹?gzip:   0.70 kB[22m
[2mdist/[22m[35massets/Announcements-C-ohbnMQ.css     [39m[1m[2m    2.19 kB[22m[1m[22m[2m 鈹?gzip:   0.74 kB[22m
[2mdist/[22m[35massets/History-Bha5CRkr.css           [39m[1m[2m    2.48 kB[22m[1m[22m[2m 鈹?gzip:   0.74 kB[22m
[2mdist/[22m[35massets/Admin-iXD0P8UG.css             [39m[1m[2m    4.44 kB[22m[1m[22m[2m 鈹?gzip:   1.14 kB[22m
[2mdist/[22m[35massets/Home-Be2xMntu.css              [39m[1m[2m   21.43 kB[22m[1m[22m[2m 鈹?gzip:   4.06 kB[22m
[2mdist/[22m[35massets/index-B3DIUIlG.css             [39m[1m[2m  363.77 kB[22m[1m[22m[2m 鈹?gzip:  49.44 kB[22m
[2mdist/[22m[36massets/departmentConfig-DI8v_RSW.js   [39m[1m[2m    1.21 kB[22m[1m[22m[2m 鈹?gzip:   0.57 kB[22m
[2mdist/[22m[36massets/Login-C9RgX75b.js              [39m[1m[2m    2.48 kB[22m[1m[22m[2m 鈹?gzip:   1.31 kB[22m
[2mdist/[22m[36massets/History-C4NrKPI1.js            [39m[1m[2m    6.16 kB[22m[1m[22m[2m 鈹?gzip:   2.44 kB[22m
[2mdist/[22m[36massets/Profile-DC1VFQsO.js            [39m[1m[2m    7.31 kB[22m[1m[22m[2m 鈹?gzip:   2.49 kB[22m
[2mdist/[22m[36massets/LabInitiate-BeCBCh-E.js        [39m[1m[2m   12.21 kB[22m[1m[22m[2m 鈹?gzip:   5.10 kB[22m
[2mdist/[22m[36massets/BusinessInitiate-2Ru8tq4y.js   [39m[1m[2m   14.57 kB[22m[1m[22m[2m 鈹?gzip:   5.73 kB[22m
[2mdist/[22m[36massets/Announcements-UiVWopxj.js      [39m[1m[2m   16.03 kB[22m[1m[22m[2m 鈹?gzip:   5.63 kB[22m
[2mdist/[22m[36massets/index-DPho-Gxr.js              [39m[1m[2m   31.96 kB[22m[1m[22m[2m 鈹?gzip:   8.09 kB[22m
[2mdist/[22m[36massets/Home-6VeGqFK2.js               [39m[1m[2m   95.40 kB[22m[1m[22m[2m 鈹?gzip:  21.54 kB[22m
[2mdist/[22m[36massets/pinyinSearch-CnBO3z7D.js       [39m[1m[2m  217.90 kB[22m[1m[22m[2m 鈹?gzip: 139.11 kB[22m
[2mdist/[22m[36massets/Admin-8dAaMHic.js              [39m[1m[2m  466.02 kB[22m[1m[22m[2m 鈹?gzip: 154.53 kB[22m
[2mdist/[22m[36massets/index-CjJuT_fm.js              [39m[1m[33m1,250.90 kB[39m[22m[2m 鈹?gzip: 396.83 kB[22m
[33m
(!) Some chunks are larger than 500 kB after minification. Consider:
- Using dynamic import() to code-split the application
- Use build.rollupOptions.output.manualChunks to improve chunking: https://roll
upjs.org/configuration-options/#output-manualchunks
- Adjust chunk size limit for this warning via build.chunkSizeWarningLimit.[39
m
[32m鉁?built in 8.78s[39m
